Archive member included to satisfy reference by file (symbol)

d:/arm_gcc/6 2017-q2-update/bin/../lib/gcc/arm-none-eabi/6.3.1/../../../../arm-none-eabi/lib/thumb/v7-m\libg.a(lib_a-rand.o)
                              obj/mcp.o (rand)

Allocating common symbols
Common symbol       size              file

flashBuf            0x4000            obj/mcp_commands.o
txRamDone           0x4               obj/mcp_commands.o

Discarded input sections

 .group         0x00000000        0x8 obj/main.o
 .group         0x00000000        0x8 obj/main.o
 .group         0x00000000        0x8 obj/main.o
 .group         0x00000000        0x8 obj/main.o
 .group         0x00000000        0x8 obj/main.o
 .group         0x00000000        0x8 obj/main.o
 .group         0x00000000        0x8 obj/main.o
 .group         0x00000000        0x8 obj/main.o
 .group         0x00000000        0x8 obj/main.o
 .group         0x00000000        0x8 obj/main.o
 .group         0x00000000        0x8 obj/main.o
 .group         0x00000000        0x8 obj/main.o
 .group         0x00000000        0x8 obj/main.o
 .group         0x00000000        0x8 obj/main.o
 .group         0x00000000        0x8 obj/main.o
 .group         0x00000000        0x8 obj/main.o
 .group         0x00000000        0x8 obj/main.o
 .group         0x00000000        0x8 obj/main.o
 .group         0x00000000        0x8 obj/main.o
 .group         0x00000000        0x8 obj/main.o
 .group         0x00000000        0x8 obj/main.o
 .group         0x00000000        0x8 obj/main.o
 .group         0x00000000        0x8 obj/main.o
 .group         0x00000000        0x8 obj/main.o
 .group         0x00000000        0x8 obj/main.o
 .group         0x00000000        0x8 obj/main.o
 .group         0x00000000        0x8 obj/main.o
 .group         0x00000000        0x8 obj/main.o
 .group         0x00000000        0x8 obj/main.o
 .group         0x00000000        0x8 obj/main.o
 .group         0x00000000        0x8 obj/main.o
 .group         0x00000000        0x8 obj/main.o
 .group         0x00000000        0x8 obj/main.o
 .group         0x00000000        0x8 obj/main.o
 .group         0x00000000        0x8 obj/main.o
 .group         0x00000000        0x8 obj/main.o
 .group         0x00000000        0x8 obj/main.o
 .group         0x00000000        0x8 obj/main.o
 .group         0x00000000        0x8 obj/main.o
 .group         0x00000000        0x8 obj/main.o
 .group         0x00000000        0x8 obj/main.o
 .group         0x00000000        0x8 obj/main.o
 .group         0x00000000        0x8 obj/main.o
 .group         0x00000000        0x8 obj/main.o
 .group         0x00000000        0x8 obj/main.o
 .group         0x00000000        0x8 obj/main.o
 .group         0x00000000        0x8 obj/main.o
 .group         0x00000000        0x8 obj/main.o
 .group         0x00000000        0x8 obj/main.o
 .group         0x00000000        0x8 obj/main.o
 .group         0x00000000        0x8 obj/main.o
 .group         0x00000000        0x8 obj/main.o
 .group         0x00000000        0x8 obj/main.o
 .group         0x00000000        0x8 obj/main.o
 .group         0x00000000        0x8 obj/main.o
 .group         0x00000000        0x8 obj/main.o
 .group         0x00000000        0x8 obj/main.o
 .group         0x00000000        0x8 obj/main.o
 .group         0x00000000        0x8 obj/main.o
 .group         0x00000000        0x8 obj/main.o
 .text          0x00000000        0x0 obj/main.o
 .data          0x00000000        0x0 obj/main.o
 .bss           0x00000000        0x0 obj/main.o
 .group         0x00000000        0x8 obj/miscfunc.o
 .group         0x00000000        0x8 obj/miscfunc.o
 .group         0x00000000        0x8 obj/miscfunc.o
 .group         0x00000000        0x8 obj/miscfunc.o
 .group         0x00000000        0x8 obj/miscfunc.o
 .group         0x00000000        0x8 obj/miscfunc.o
 .group         0x00000000        0x8 obj/miscfunc.o
 .group         0x00000000        0x8 obj/miscfunc.o
 .group         0x00000000        0x8 obj/miscfunc.o
 .group         0x00000000        0x8 obj/miscfunc.o
 .group         0x00000000        0x8 obj/miscfunc.o
 .group         0x00000000        0x8 obj/miscfunc.o
 .group         0x00000000        0x8 obj/miscfunc.o
 .group         0x00000000        0x8 obj/miscfunc.o
 .group         0x00000000        0x8 obj/miscfunc.o
 .group         0x00000000        0x8 obj/miscfunc.o
 .group         0x00000000        0x8 obj/miscfunc.o
 .group         0x00000000        0x8 obj/miscfunc.o
 .group         0x00000000        0x8 obj/miscfunc.o
 .group         0x00000000        0x8 obj/miscfunc.o
 .group         0x00000000        0x8 obj/miscfunc.o
 .group         0x00000000        0x8 obj/miscfunc.o
 .group         0x00000000        0x8 obj/miscfunc.o
 .group         0x00000000        0x8 obj/miscfunc.o
 .group         0x00000000        0x8 obj/miscfunc.o
 .group         0x00000000        0x8 obj/miscfunc.o
 .group         0x00000000        0x8 obj/miscfunc.o
[...]
Memory Configuration

Name             Origin             Length             Attributes
flash            0x08000000         0x00010000         xr
ram              0x20000000         0x00005000         xrw
*default*        0x00000000         0xffffffff

Linker script and memory map


.text           0x08000000     0x192c
 *(.isr_vector .isr_vector.*)
 .isr_vector    0x08000000      0x10c obj/startup_stm32f10x_md.o
                0x08000000                g_pfnVectors
 *(.text .text.* .gnu.linkonce.t.*)
 .text.InitSPI  0x0800010c       0x60 obj/main.o
                0x0800010c                InitSPI
 .text.startup.main
                0x0800016c      0x168 obj/main.o
                0x0800016c                main
 .text.fputc    0x080002d4       0x2c obj/miscfunc.o
                0x080002d4                fputc
 .text.set_Timeout
                0x08000300       0x54 obj/miscfunc.o
                0x08000300                set_Timeout
 .text.sleep    0x08000354       0x14 obj/miscfunc.o
                0x08000354                sleep
 .text.get_Timeout
                0x08000368        0xc obj/miscfunc.o
                0x08000368                get_Timeout
 .text.TIM2_IRQHandler
                0x08000374       0x24 obj/miscfunc.o
                0x08000374                TIM2_IRQHandler
 .text.uploadData
                0x08000398       0x90 obj/mcp.o
                0x08000398                uploadData
 .text.mcpUploadTest
                0x08000428       0xfc obj/mcp.o
                0x08000428                mcpUploadTest
 .text.mcpPlay  0x08000524       0x28 obj/mcp.o
                0x08000524                mcpPlay
 .text.printFrame
                0x0800054c       0x5c obj/mcp_commands.o
                0x0800054c                printFrame
 .text.sendSPIFrame_noWait
                0x080005a8       0xa0 obj/mcp_commands.o
                0x080005a8                sendSPIFrame_noWait
 .text.sendSPIFrame
                0x08000648       0xf8 obj/mcp_commands.o
                0x08000648                sendSPIFrame
 .text.readFrame
                0x08000740       0x90 obj/mcp_commands.o
                0x08000740                readFrame
 .text.prepOperationalFrame
                0x080007d0       0x8c obj/mcp_commands.o
                0x080007d0                prepOperationalFrame
 .text.enterBoot
                0x0800085c       0x40 obj/mcp_commands.o
                0x0800085c                enterBoot
 .text.bootSecretStep
                0x0800089c       0x24 obj/mcp_commands.o
                0x0800089c                bootSecretStep
 .text.enterSecretBoot
                0x080008c0       0x54 obj/mcp_commands.o
                0x080008c0                enterSecretBoot
 .text.sauceReadAddress
                0x08000914       0x68 obj/mcp_commands.o
                0x08000914                sauceReadAddress
 .text.jumpRam  0x0800097c       0x5c obj/mcp_commands.o
                0x0800097c                jumpRam
 .text.readGMString
                0x080009d8       0x58 obj/mcp_commands.o
                0x080009d8                readGMString
 .text          0x08000a30      0x114 obj/mcp_loader.o
                0x08000a30                mcp_loader
                0x08000b3f                mcp_loaderSize
 .text.crcBuffer_16
                0x08000b44       0x2c obj/crc.o
                0x08000b44                crcBuffer_16
 .text.PutUnsignedInt
                0x08000b70       0x54 obj/printf.o
                0x08000b70                PutUnsignedInt
 .text.PutSignedInt
                0x08000bc4       0x90 obj/printf.o
                0x08000bc4                PutSignedInt
 .text.PutHexa  0x08000c54       0x68 obj/printf.o
                0x08000c54                PutHexa
 .text.vsnprintf
                0x08000cbc      0x17c obj/printf.o
                0x08000cbc                vsnprintf
 .text.fputs    0x08000e38       0x28 obj/printf.o
                0x08000e38                fputs
 .text.vfprintf
                0x08000e60       0x68 obj/printf.o
                0x08000e60                vfprintf
 .text.printf   0x08000ec8       0x28 obj/printf.o
                0x08000ec8                printf
 .text.Default_Handler
                0x08000ef0        0x4 obj/startup_stm32f10x_md.o
                0x08000ef0                EXTI2_IRQHandler
                0x08000ef0                DebugMon_Handler
                0x08000ef0                TIM1_CC_IRQHandler
                0x08000ef0                HardFault_Handler
                0x08000ef0                SysTick_Handler
                0x08000ef0                PVD_IRQHandler
                0x08000ef0                PendSV_Handler
                0x08000ef0                NMI_Handler
                0x08000ef0                EXTI3_IRQHandler
                0x08000ef0                EXTI0_IRQHandler
                0x08000ef0                I2C2_EV_IRQHandler
                0x08000ef0                UsageFault_Handler
                0x08000ef0                ADC1_2_IRQHandler
                0x08000ef0                SPI1_IRQHandler
                0x08000ef0                TAMPER_IRQHandler
                0x08000ef0                DMA1_Channel4_IRQHandler
                0x08000ef0                USART3_IRQHandler
                0x08000ef0                RTC_IRQHandler
                0x08000ef0                DMA1_Channel7_IRQHandler
                0x08000ef0                CAN1_RX1_IRQHandler
                0x08000ef0                TIM4_IRQHandler
                0x08000ef0                I2C1_EV_IRQHandler
                0x08000ef0                DMA1_Channel6_IRQHandler
                0x08000ef0                TIM3_IRQHandler
                0x08000ef0                RCC_IRQHandler
                0x08000ef0                TIM1_TRG_COM_IRQHandler
                0x08000ef0                DMA1_Channel1_IRQHandler
                0x08000ef0                EXTI15_10_IRQHandler
                0x08000ef0                EXTI9_5_IRQHandler
                0x08000ef0                SPI2_IRQHandler
                0x08000ef0                MemManage_Handler
                0x08000ef0                SVC_Handler
                0x08000ef0                DMA1_Channel5_IRQHandler
                0x08000ef0                EXTI4_IRQHandler
                0x08000ef0                USB_LP_CAN1_RX0_IRQHandler
                0x08000ef0                USB_HP_CAN1_TX_IRQHandler
                0x08000ef0                DMA1_Channel3_IRQHandler
                0x08000ef0                TIM1_UP_IRQHandler
                0x08000ef0                WWDG_IRQHandler
                0x08000ef0                TIM1_BRK_IRQHandler
                0x08000ef0                EXTI1_IRQHandler
                0x08000ef0                RTCAlarm_IRQHandler
                0x08000ef0                USART2_IRQHandler
                0x08000ef0                I2C2_ER_IRQHandler
                0x08000ef0                DMA1_Channel2_IRQHandler
                0x08000ef0                CAN1_SCE_IRQHandler
                0x08000ef0                FLASH_IRQHandler
                0x08000ef0                BusFault_Handler
                0x08000ef0                USART1_IRQHandler
                0x08000ef0                I2C1_ER_IRQHandler
                0x08000ef0                USBWakeUp_IRQHandler
 .text.Default_Reset_Handler
                0x08000ef4       0x58 obj/startup_stm32f10x_md.o
                0x08000ef4                Default_Reset_Handler
                0x08000ef4                Reset_Handler
 .text.SystemInit
                0x08000f4c      0x104 obj/system_stm32f10x.o
                0x08000f4c                SystemInit
 .text.NVIC_Init
                0x08001050       0x64 obj/misc.o
                0x08001050                NVIC_Init
 .text.GPIO_Init
                0x080010b4       0xbc obj/stm32f10x_gpio.o
                0x080010b4                GPIO_Init
 .text.RCC_GetClocksFreq
                0x08001170       0x98 obj/stm32f10x_rcc.o
                0x08001170                RCC_GetClocksFreq
 .text.RCC_APB2PeriphClockCmd
                0x08001208       0x18 obj/stm32f10x_rcc.o
                0x08001208                RCC_APB2PeriphClockCmd
 .text.RCC_APB1PeriphClockCmd
                0x08001220       0x18 obj/stm32f10x_rcc.o
                0x08001220                RCC_APB1PeriphClockCmd
 .text.RCC_APB2PeriphResetCmd
                0x08001238       0x18 obj/stm32f10x_rcc.o
                0x08001238                RCC_APB2PeriphResetCmd
 .text.RCC_APB1PeriphResetCmd
                0x08001250       0x18 obj/stm32f10x_rcc.o
                0x08001250                RCC_APB1PeriphResetCmd
 .text.SPI_I2S_DeInit
                0x08001268       0x6c obj/stm32f10x_spi.o
                0x08001268                SPI_I2S_DeInit
 .text.SPI_Init
                0x080012d4       0x40 obj/stm32f10x_spi.o
                0x080012d4                SPI_Init
 .text.SPI_Cmd  0x08001314       0x1c obj/stm32f10x_spi.o
                0x08001314                SPI_Cmd
 .text.SPI_CalculateCRC
                0x08001330       0x1c obj/stm32f10x_spi.o
                0x08001330                SPI_CalculateCRC
 .text.TIM_TimeBaseInit
                0x0800134c       0xac obj/stm32f10x_tim.o
                0x0800134c                TIM_TimeBaseInit
 .text.TIM_Cmd  0x080013f8       0x1c obj/stm32f10x_tim.o
                0x080013f8                TIM_Cmd
 .text.TIM_DMACmd
                0x08001414       0x14 obj/stm32f10x_tim.o
                0x08001414                TIM_DMACmd
 .text.TIM_ITConfig
                0x08001428        0x4 obj/stm32f10x_tim.o
                0x08001428                TIM_ITConfig
 .text.TIM_ClearITPendingBit
                0x0800142c        0x8 obj/stm32f10x_tim.o
                0x0800142c                TIM_ClearITPendingBit
 .text.USART_Init
                0x08001434       0xbc obj/stm32f10x_usart.o
                0x08001434                USART_Init
 .text.USART_Cmd
                0x080014f0       0x1c obj/stm32f10x_usart.o
                0x080014f0                USART_Cmd
 .text.USART_SendData
                0x0800150c        0x8 obj/stm32f10x_usart.o
                0x0800150c                USART_SendData
 .text.USART_GetFlagStatus
                0x08001514        0xc obj/stm32f10x_usart.o
                0x08001514                USART_GetFlagStatus
 .text.rand     0x08001520       0x40 d:/arm_gcc/6 2017-q2-update/bin/../lib/gcc/arm-none-eabi/6.3.1/../../../../arm-none-eabi/lib/thumb/v7-m\libg.a(lib_a-rand.o)
                0x08001520                rand
 *(.rodata .rodata* .gnu.linkonce.r.*)
 .rodata.str1.4
                0x08001560        0x7 obj/main.o
 *fill*         0x08001567        0x1 
 .rodata.str1.4
                0x08001568       0x45 obj/mcp.o
 *fill*         0x080015ad        0x3 
 .rodata        0x080015b0        0xe obj/mcp_commands.o
 *fill*         0x080015be        0x2 
 .rodata.str1.4
                0x080015c0      0x146 obj/mcp_commands.o
                                0x14a (size before relaxing)
 *fill*         0x08001706        0x2 
 .rodata        0x08001708      0x200 obj/crc.o
 .rodata.str1.4
                0x08001908       0x24 obj/printf.o
                0x0800192c                . = ALIGN (0x4)

.glue_7         0x0800192c        0x0
 .glue_7        0x0800192c        0x0 linker stubs

.glue_7t        0x0800192c        0x0
 .glue_7t       0x0800192c        0x0 linker stubs

.vfp11_veneer   0x0800192c        0x0
 .vfp11_veneer  0x0800192c        0x0 linker stubs

.v4_bx          0x0800192c        0x0
 .v4_bx         0x0800192c        0x0 linker stubs

.iplt           0x0800192c        0x0
 .iplt          0x0800192c        0x0 obj/main.o

.rel.dyn        0x0800192c        0x0
 .rel.iplt      0x0800192c        0x0 obj/main.o

.ARM.extab
 *(.ARM.extab* .gnu.linkonce.armextab.*)

.ARM.exidx
 *(.ARM.exidx* .gnu.linkonce.armexidx.*)
                0x0800192c                . = ALIGN (0x4)
                0x0800192c                _etext = .
                0x0800192c                _sidata = .

.data           0x20000000      0x454 load address 0x0800192c
                0x20000000                _sdata = .
 *(.data .data.*)
 .data          0x20000000        0x9 obj/mcp_commands.o
                0x20000008                lastSeedFail
 *fill*         0x20000009        0x7 
 .data          0x20000010      0x430 obj/printf.o
                0x20000010                _impure_ptr
                0x20000018                r
 .data          0x20000440       0x14 obj/stm32f10x_rcc.o
                0x20000454                . = ALIGN (0x4)
                0x20000454                _edata = .

.igot.plt       0x20000454        0x0 load address 0x08001d80
 .igot.plt      0x20000454        0x0 obj/main.o

.co_stack       0x20000454      0x400 load address 0x08001d80
 .co_stack      0x20000454      0x400 obj/startup_stm32f10x_md.o
                0x20000454                pulStack

.bss            0x20000854     0x401c load address 0x08002180
                0x20000854                _sbss = .
 *(.bss .bss.*)
 .bss           0x20000854        0x4 obj/miscfunc.o
 .bss           0x20000858       0x14 obj/mcp_commands.o
                0x2000085c                lastCommSts
                0x2000085e                txRamProg
                0x20000860                rxRamAddr
                0x20000864                txRamAddr
 *(COMMON)
 COMMON         0x2000086c     0x4004 obj/mcp_commands.o
                0x2000086c                flashBuf
                0x2000486c                txRamDone
                0x20004870                . = ALIGN (0x4)
                0x20004870                _ebss = .
                0x20004870                . = ALIGN (0x4)
                0x20004870                _end = .
LOAD obj/main.o
LOAD obj/miscfunc.o
LOAD obj/mcp.o
LOAD obj/mcp_commands.o
LOAD obj/mcp_loader.o
LOAD obj/crc.o
LOAD obj/syscalls.o
LOAD obj/printf.o
LOAD obj/startup_stm32f10x_md.o
LOAD obj/system_stm32f10x.o
LOAD obj/misc.o
LOAD obj/stm32f10x_adc.o
LOAD obj/stm32f10x_bkp.o
LOAD obj/stm32f10x_can.o
LOAD obj/stm32f10x_cec.o
LOAD obj/stm32f10x_crc.o
LOAD obj/stm32f10x_dac.o
LOAD obj/stm32f10x_dbgmcu.o
LOAD obj/stm32f10x_dma.o
LOAD obj/stm32f10x_exti.o
LOAD obj/stm32f10x_flash.o
LOAD obj/stm32f10x_fsmc.o
LOAD obj/stm32f10x_gpio.o
LOAD obj/stm32f10x_i2c.o
LOAD obj/stm32f10x_iwdg.o
LOAD obj/stm32f10x_pwr.o
LOAD obj/stm32f10x_rcc.o
LOAD obj/stm32f10x_rtc.o
LOAD obj/stm32f10x_sdio.o
LOAD obj/stm32f10x_spi.o
LOAD obj/stm32f10x_tim.o
LOAD obj/stm32f10x_usart.o
LOAD obj/stm32f10x_wwdg.o
START GROUP
LOAD d:/arm_gcc/6 2017-q2-update/bin/../lib/gcc/arm-none-eabi/6.3.1/thumb/v7-m\libgcc.a
LOAD d:/arm_gcc/6 2017-q2-update/bin/../lib/gcc/arm-none-eabi/6.3.1/../../../../arm-none-eabi/lib/thumb/v7-m\libg.a
LOAD d:/arm_gcc/6 2017-q2-update/bin/../lib/gcc/arm-none-eabi/6.3.1/../../../../arm-none-eabi/lib/thumb/v7-m\libc.a
END GROUP
OUTPUT(bin/firmware.elf elf32-littlearm)

.debug_info     0x00000000     0xc376
 .debug_info    0x00000000     0x185c obj/main.o
 .debug_info    0x0000185c     0x109c obj/miscfunc.o
 .debug_info    0x000028f8      0xe3c obj/mcp.o
 .debug_info    0x00003734     0x19c9 obj/mcp_commands.o
 .debug_info    0x000050fd      0x1fe obj/crc.o
 .debug_info    0x000052fb     0x14a4 obj/printf.o
 .debug_info    0x0000679f      0x159 obj/startup_stm32f10x_md.o
 .debug_info    0x000068f8      0x534 obj/system_stm32f10x.o
 .debug_info    0x00006e2c      0x5c9 obj/misc.o
 .debug_info    0x000073f5      0x91c obj/stm32f10x_gpio.o
 .debug_info    0x00007d11      0x9f7 obj/stm32f10x_rcc.o
 .debug_info    0x00008708      0xa99 obj/stm32f10x_spi.o
 .debug_info    0x000091a1     0x25d6 obj/stm32f10x_tim.o
 .debug_info    0x0000b777      0xbff obj/stm32f10x_usart.o

.debug_abbrev   0x00000000     0x20fd
 .debug_abbrev  0x00000000      0x2c9 obj/main.o
 .debug_abbrev  0x000002c9      0x282 obj/miscfunc.o
 .debug_abbrev  0x0000054b      0x26a obj/mcp.o
 .debug_abbrev  0x000007b5      0x40f obj/mcp_commands.o
 .debug_abbrev  0x00000bc4      0x114 obj/crc.o
 .debug_abbrev  0x00000cd8      0x3d9 obj/printf.o
 .debug_abbrev  0x000010b1       0xf5 obj/startup_stm32f10x_md.o
 .debug_abbrev  0x000011a6      0x191 obj/system_stm32f10x.o
 .debug_abbrev  0x00001337      0x182 obj/misc.o
 .debug_abbrev  0x000014b9      0x233 obj/stm32f10x_gpio.o
 .debug_abbrev  0x000016ec      0x2ba obj/stm32f10x_rcc.o
 .debug_abbrev  0x000019a6      0x21b obj/stm32f10x_spi.o
 .debug_abbrev  0x00001bc1      0x309 obj/stm32f10x_tim.o
 .debug_abbrev  0x00001eca      0x233 obj/stm32f10x_usart.o

.debug_loc      0x00000000     0x67be
 .debug_loc     0x00000000       0x64 obj/main.o
 .debug_loc     0x00000064      0x1d6 obj/miscfunc.o
 .debug_loc     0x0000023a      0x311 obj/mcp.o
 .debug_loc     0x0000054b      0xad3 obj/mcp_commands.o
 .debug_loc     0x0000101e      0x1ef obj/crc.o
 .debug_loc     0x0000120d     0x11c5 obj/printf.o
 .debug_loc     0x000023d2       0x57 obj/startup_stm32f10x_md.o
 .debug_loc     0x00002429      0x10c obj/system_stm32f10x.o
 .debug_loc     0x00002535      0x173 obj/misc.o
 .debug_loc     0x000026a8      0x72f obj/stm32f10x_gpio.o
 .debug_loc     0x00002dd7      0x769 obj/stm32f10x_rcc.o
 .debug_loc     0x00003540      0x642 obj/stm32f10x_spi.o
 .debug_loc     0x00003b82     0x2283 obj/stm32f10x_tim.o
 .debug_loc     0x00005e05      0x9b9 obj/stm32f10x_usart.o

.debug_aranges  0x00000000      0x8e0
 .debug_aranges
                0x00000000       0x28 obj/main.o
 .debug_aranges
                0x00000028       0x50 obj/miscfunc.o
 .debug_aranges
                0x00000078       0x30 obj/mcp.o
 .debug_aranges
                0x000000a8       0x90 obj/mcp_commands.o
 .debug_aranges
                0x00000138       0x28 obj/crc.o
 .debug_aranges
                0x00000160       0x90 obj/printf.o
 .debug_aranges
                0x000001f0       0x28 obj/startup_stm32f10x_md.o
 .debug_aranges
                0x00000218       0x28 obj/system_stm32f10x.o
 .debug_aranges
                0x00000240       0x40 obj/misc.o
 .debug_aranges
                0x00000280       0xa8 obj/stm32f10x_gpio.o
 .debug_aranges
                0x00000328      0x118 obj/stm32f10x_rcc.o
 .debug_aranges
                0x00000440       0xd0 obj/stm32f10x_spi.o
 .debug_aranges
                0x00000510      0x2d0 obj/stm32f10x_tim.o
 .debug_aranges
                0x000007e0      0x100 obj/stm32f10x_usart.o

.debug_ranges   0x00000000      0xbb0
 .debug_ranges  0x00000000       0x68 obj/main.o
 .debug_ranges  0x00000068       0x40 obj/miscfunc.o
 .debug_ranges  0x000000a8       0x20 obj/mcp.o
 .debug_ranges  0x000000c8      0x1c0 obj/mcp_commands.o
 .debug_ranges  0x00000288       0x48 obj/crc.o
 .debug_ranges  0x000002d0      0x108 obj/printf.o
 .debug_ranges  0x000003d8       0x18 obj/startup_stm32f10x_md.o
 .debug_ranges  0x000003f0       0x40 obj/system_stm32f10x.o
 .debug_ranges  0x00000430       0x30 obj/misc.o
 .debug_ranges  0x00000460       0x98 obj/stm32f10x_gpio.o
 .debug_ranges  0x000004f8      0x128 obj/stm32f10x_rcc.o
 .debug_ranges  0x00000620       0xc0 obj/stm32f10x_spi.o
 .debug_ranges  0x000006e0      0x3e0 obj/stm32f10x_tim.o
 .debug_ranges  0x00000ac0       0xf0 obj/stm32f10x_usart.o

.debug_macro    0x00000000    0x1048f
 .debug_macro   0x00000000      0x32e obj/main.o
 .debug_macro   0x0000032e      0x8bc obj/main.o
 .debug_macro   0x00000bea       0x22 obj/main.o
 .debug_macro   0x00000c0c       0x52 obj/main.o
 .debug_macro   0x00000c5e       0x8d obj/main.o
 .debug_macro   0x00000ceb       0x35 obj/main.o
 .debug_macro   0x00000d20       0x9c obj/main.o
 .debug_macro   0x00000dbc      0x16d obj/main.o
 .debug_macro   0x00000f29       0x57 obj/main.o
 .debug_macro   0x00000f80       0x58 obj/main.o
 .debug_macro   0x00000fd8       0x1f obj/main.o
 .debug_macro   0x00000ff7       0x43 obj/main.o
 .debug_macro   0x0000103a       0x20 obj/main.o
 .debug_macro   0x0000105a      0x187 obj/main.o
 .debug_macro   0x000011e1      0x353 obj/main.o
 .debug_macro   0x00001534       0x10 obj/main.o
 .debug_macro   0x00001544       0x35 obj/main.o
 .debug_macro   0x00001579       0x1c obj/main.o
 .debug_macro   0x00001595       0x10 obj/main.o
 .debug_macro   0x000015a5       0x10 obj/main.o
 .debug_macro   0x000015b5       0x6a obj/main.o
 .debug_macro   0x0000161f       0x1c obj/main.o
 .debug_macro   0x0000163b       0x52 obj/main.o
 .debug_macro   0x0000168d       0x40 obj/main.o
 .debug_macro   0x000016cd       0x10 obj/main.o
 .debug_macro   0x000016dd       0x40 obj/main.o
 .debug_macro   0x0000171d       0xd7 obj/main.o
 .debug_macro   0x000017f4       0x16 obj/main.o
 .debug_macro   0x0000180a      0x18b obj/main.o
 .debug_macro   0x00001995       0xef obj/main.o
 .debug_macro   0x00001a84      0x1df obj/main.o
 .debug_macro   0x00001c63       0x5d obj/main.o
 .debug_macro   0x00001cc0       0x3a obj/main.o
 .debug_macro   0x00001cfa       0x34 obj/main.o
 .debug_macro   0x00001d2e      0xb6b obj/main.o
 .debug_macro   0x00002899     0x7eb3 obj/main.o
 .debug_macro   0x0000a74c      0x2e4 obj/main.o
 .debug_macro   0x0000aa30      0x14a obj/main.o
 .debug_macro   0x0000ab7a      0x3cf obj/main.o
 .debug_macro   0x0000af49      0x17b obj/main.o
 .debug_macro   0x0000b0c4       0xac obj/main.o
 .debug_macro   0x0000b170      0x3b0 obj/main.o
 .debug_macro   0x0000b520       0x9d obj/main.o
 .debug_macro   0x0000b5bd      0x2d5 obj/main.o
 .debug_macro   0x0000b892      0x279 obj/main.o
 .debug_macro   0x0000bb0b      0x2ad obj/main.o
 .debug_macro   0x0000bdb8      0x2b4 obj/main.o
 .debug_macro   0x0000c06c       0x64 obj/main.o
 .debug_macro   0x0000c0d0       0x82 obj/main.o
 .debug_macro   0x0000c152      0x3e2 obj/main.o
 .debug_macro   0x0000c534       0x58 obj/main.o
 .debug_macro   0x0000c58c      0x344 obj/main.o
 .debug_macro   0x0000c8d0      0x2c4 obj/main.o
 .debug_macro   0x0000cb94      0x711 obj/main.o
 .debug_macro   0x0000d2a5      0x229 obj/main.o
 .debug_macro   0x0000d4ce       0x34 obj/main.o
 .debug_macro   0x0000d502       0x8c obj/main.o
 .debug_macro   0x0000d58e       0x35 obj/main.o
 .debug_macro   0x0000d5c3       0x16 obj/main.o
 .debug_macro   0x0000d5d9       0x16 obj/main.o
 .debug_macro   0x0000d5ef       0x29 obj/main.o
 .debug_macro   0x0000d618      0x300 obj/miscfunc.o
 .debug_macro   0x0000d918      0x34e obj/mcp.o
 .debug_macro   0x0000dc66      0x342 obj/mcp_commands.o
 .debug_macro   0x0000dfa8       0x6d obj/crc.o
 .debug_macro   0x0000e015       0x87 obj/crc.o
 .debug_macro   0x0000e09c       0x51 obj/crc.o
 .debug_macro   0x0000e0ed      0x2e9 obj/printf.o
 .debug_macro   0x0000e3d6      0x223 obj/printf.o
 .debug_macro   0x0000e5f9       0x1d obj/startup_stm32f10x_md.o
 .debug_macro   0x0000e616      0x195 obj/system_stm32f10x.o
 .debug_macro   0x0000e7ab      0x198 obj/misc.o
 .debug_macro   0x0000e943       0x86 obj/misc.o
 .debug_macro   0x0000e9c9      0x1e0 obj/stm32f10x_gpio.o
 .debug_macro   0x0000eba9      0x2a7 obj/stm32f10x_gpio.o
 .debug_macro   0x0000ee50      0x2b2 obj/stm32f10x_rcc.o
 .debug_macro   0x0000f102      0x3dc obj/stm32f10x_rcc.o
 .debug_macro   0x0000f4de      0x1f8 obj/stm32f10x_spi.o
 .debug_macro   0x0000f6d6      0x2be obj/stm32f10x_spi.o
 .debug_macro   0x0000f994      0x1aa obj/stm32f10x_tim.o
 .debug_macro   0x0000fb3e      0x70b obj/stm32f10x_tim.o
 .debug_macro   0x00010249      0x246 obj/stm32f10x_usart.o

.debug_line     0x00000000     0x5892
 .debug_line    0x00000000      0x61b obj/main.o
 .debug_line    0x0000061b      0x5fc obj/miscfunc.o
 .debug_line    0x00000c17      0x661 obj/mcp.o
 .debug_line    0x00001278      0x8d5 obj/mcp_commands.o
 .debug_line    0x00001b4d      0x1be obj/crc.o
 .debug_line    0x00001d0b      0x7b2 obj/printf.o
 .debug_line    0x000024bd       0x82 obj/startup_stm32f10x_md.o
 .debug_line    0x0000253f      0x495 obj/system_stm32f10x.o
 .debug_line    0x000029d4      0x4ac obj/misc.o
 .debug_line    0x00002e80      0x62b obj/stm32f10x_gpio.o
 .debug_line    0x000034ab      0x726 obj/stm32f10x_rcc.o
 .debug_line    0x00003bd1      0x68a obj/stm32f10x_spi.o
 .debug_line    0x0000425b      0xf1f obj/stm32f10x_tim.o
 .debug_line    0x0000517a      0x718 obj/stm32f10x_usart.o

.debug_str      0x00000000    0x558d0
 .debug_str     0x00000000    0x52993 obj/main.o
                              0x52be8 (size before relaxing)
 .debug_str     0x00052993      0x127 obj/miscfunc.o
                              0x524a9 (size before relaxing)
 .debug_str     0x00052aba      0x106 obj/mcp.o
                              0x5241d (size before relaxing)
 .debug_str     0x00052bc0      0x156 obj/mcp_commands.o
                              0x52657 (size before relaxing)
 .debug_str     0x00052d16       0x27 obj/crc.o
                               0x349b (size before relaxing)
 .debug_str     0x00052d3d      0x19d obj/printf.o
                              0x52410 (size before relaxing)
 .debug_str     0x00052eda       0xe8 obj/startup_stm32f10x_md.o
                               0x263e (size before relaxing)
 .debug_str     0x00052fc2      0x172 obj/system_stm32f10x.o
                              0x4e27a (size before relaxing)
 .debug_str     0x00053134      0x172 obj/misc.o
                              0x4e358 (size before relaxing)
 .debug_str     0x000532a6      0x4b3 obj/stm32f10x_gpio.o
                              0x4e6e1 (size before relaxing)
 .debug_str     0x00053759      0xab8 obj/stm32f10x_rcc.o
                              0x4ecb0 (size before relaxing)
 .debug_str     0x00054211      0x4ed obj/stm32f10x_spi.o
                              0x4e80a (size before relaxing)
 .debug_str     0x000546fe      0xa99 obj/stm32f10x_tim.o
                              0x4edfc (size before relaxing)
 .debug_str     0x00055197      0x739 obj/stm32f10x_usart.o
                              0x4ea1a (size before relaxing)

.comment        0x00000000       0x7f
 .comment       0x00000000       0x7f obj/main.o
                                 0x80 (size before relaxing)
 .comment       0x0000007f       0x80 obj/miscfunc.o
 .comment       0x0000007f       0x80 obj/mcp.o
 .comment       0x0000007f       0x80 obj/mcp_commands.o
 .comment       0x0000007f       0x80 obj/crc.o
 .comment       0x0000007f       0x80 obj/printf.o
 .comment       0x0000007f       0x80 obj/startup_stm32f10x_md.o
 .comment       0x0000007f       0x80 obj/system_stm32f10x.o
 .comment       0x0000007f       0x80 obj/misc.o
 .comment       0x0000007f       0x80 obj/stm32f10x_gpio.o
 .comment       0x0000007f       0x80 obj/stm32f10x_rcc.o
 .comment       0x0000007f       0x80 obj/stm32f10x_spi.o
 .comment       0x0000007f       0x80 obj/stm32f10x_tim.o
 .comment       0x0000007f       0x80 obj/stm32f10x_usart.o

.ARM.attributes
                0x00000000       0x31
 .ARM.attributes
                0x00000000       0x33 obj/main.o
 .ARM.attributes
                0x00000033       0x33 obj/miscfunc.o
 .ARM.attributes
                0x00000066       0x33 obj/mcp.o
 .ARM.attributes
                0x00000099       0x33 obj/mcp_commands.o
 .ARM.attributes
                0x000000cc       0x21 obj/mcp_loader.o
 .ARM.attributes
                0x000000ed       0x33 obj/crc.o
 .ARM.attributes
                0x00000120       0x33 obj/printf.o
 .ARM.attributes
                0x00000153       0x33 obj/startup_stm32f10x_md.o
 .ARM.attributes
                0x00000186       0x33 obj/system_stm32f10x.o
 .ARM.attributes
                0x000001b9       0x33 obj/misc.o
 .ARM.attributes
                0x000001ec       0x33 obj/stm32f10x_gpio.o
 .ARM.attributes
                0x0000021f       0x33 obj/stm32f10x_rcc.o
 .ARM.attributes
                0x00000252       0x33 obj/stm32f10x_spi.o
 .ARM.attributes
                0x00000285       0x33 obj/stm32f10x_tim.o
 .ARM.attributes
                0x000002b8       0x33 obj/stm32f10x_usart.o
 .ARM.attributes
                0x000002eb       0x2d d:/arm_gcc/6 2017-q2-update/bin/../lib/gcc/arm-none-eabi/6.3.1/../../../../arm-none-eabi/lib/thumb/v7-m\libg.a(lib_a-rand.o)

.debug_frame    0x00000000     0x1690
 .debug_frame   0x00000000       0x50 obj/main.o
 .debug_frame   0x00000050       0xbc obj/miscfunc.o
 .debug_frame   0x0000010c       0x80 obj/mcp.o
 .debug_frame   0x0000018c      0x20c obj/mcp_commands.o
 .debug_frame   0x00000398       0x48 obj/crc.o
 .debug_frame   0x000003e0      0x22c obj/printf.o
 .debug_frame   0x0000060c       0x3c obj/startup_stm32f10x_md.o
 .debug_frame   0x00000648       0x48 obj/system_stm32f10x.o
 .debug_frame   0x00000690       0x70 obj/misc.o
 .debug_frame   0x00000700      0x1b0 obj/stm32f10x_gpio.o
 .debug_frame   0x000008b0      0x224 obj/stm32f10x_rcc.o
 .debug_frame   0x00000ad4      0x1cc obj/stm32f10x_spi.o
 .debug_frame   0x00000ca0      0x75c obj/stm32f10x_tim.o
 .debug_frame   0x000013fc      0x258 obj/stm32f10x_usart.o
 .debug_frame   0x00001654       0x3c d:/arm_gcc/6 2017-q2-update/bin/../lib/gcc/arm-none-eabi/6.3.1/../../../../arm-none-eabi/lib/thumb/v7-m\libg.a(lib_a-rand.o)
