Archive member included to satisfy reference by file (symbol)

d:/arm_gcc/6 2017-q2-update/bin/../lib/gcc/arm-none-eabi/6.3.1/../../../../arm-none-eabi/lib/thumb/v7-m\libg.a(lib_a-rand.o)
                              obj/mcp.o (rand)

Allocating common symbols
Common symbol       size              file

tmpBuf              0x400             obj/mcp.o
txRamDone           0x4               obj/mcp_commands.o

Discarded input sections

 .data          0x00000000        0x0 obj/mcp_trgbin.o
 .bss           0x00000000        0x0 obj/mcp_trgbin.o
 .group         0x00000000        0x8 obj/main.o
 .group         0x00000000        0x8 obj/main.o
 .group         0x00000000        0x8 obj/main.o
 .group         0x00000000        0x8 obj/main.o
 .group         0x00000000        0x8 obj/main.o
 .group         0x00000000        0x8 obj/main.o
 .group         0x00000000        0x8 obj/main.o
 .group         0x00000000        0x8 obj/main.o
 .group         0x00000000        0x8 obj/main.o
 .group         0x00000000        0x8 obj/main.o
 .group         0x00000000        0x8 obj/main.o
 .group         0x00000000        0x8 obj/main.o
 .group         0x00000000        0x8 obj/main.o
 .group         0x00000000        0x8 obj/main.o
 .group         0x00000000        0x8 obj/main.o
 .group         0x00000000        0x8 obj/main.o
 .group         0x00000000        0x8 obj/main.o
 .group         0x00000000        0x8 obj/main.o
 .group         0x00000000        0x8 obj/main.o
 .group         0x00000000        0x8 obj/main.o
 .group         0x00000000        0x8 obj/main.o
 .group         0x00000000        0x8 obj/main.o
 .group         0x00000000        0x8 obj/main.o
 .group         0x00000000        0x8 obj/main.o
 .group         0x00000000        0x8 obj/main.o
 .group         0x00000000        0x8 obj/main.o
 .group         0x00000000        0x8 obj/main.o
 .group         0x00000000        0x8 obj/main.o
 .group         0x00000000        0x8 obj/main.o
 .group         0x00000000        0x8 obj/main.o
 .group         0x00000000        0x8 obj/main.o
 .group         0x00000000        0x8 obj/main.o
 .group         0x00000000        0x8 obj/main.o
 .group         0x00000000        0x8 obj/main.o
 .group         0x00000000        0x8 obj/main.o
 .group         0x00000000        0x8 obj/main.o
 .group         0x00000000        0x8 obj/main.o
 .group         0x00000000        0x8 obj/main.o
 .group         0x00000000        0x8 obj/main.o
 .group         0x00000000        0x8 obj/main.o
 .group         0x00000000        0x8 obj/main.o
 .group         0x00000000        0x8 obj/main.o
 .group         0x00000000        0x8 obj/main.o
 .group         0x00000000        0x8 obj/main.o
 .group         0x00000000        0x8 obj/main.o
 .group         0x00000000        0x8 obj/main.o
 .group         0x00000000        0x8 obj/main.o
 .group         0x00000000        0x8 obj/main.o
 .group         0x00000000        0x8 obj/main.o
 .group         0x00000000        0x8 obj/main.o
 .group         0x00000000        0x8 obj/main.o
 .group         0x00000000        0x8 obj/main.o
 .group         0x00000000        0x8 obj/main.o
 .group         0x00000000        0x8 obj/main.o
 .group         0x00000000        0x8 obj/main.o
 .group         0x00000000        0x8 obj/main.o
 .group         0x00000000        0x8 obj/main.o
 .group         0x00000000        0x8 obj/main.o
 .group         0x00000000        0x8 obj/main.o
 .group         0x00000000        0x8 obj/main.o
 .text          0x00000000        0x0 obj/main.o
 .data          0x00000000        0x0 obj/main.o
 .bss           0x00000000        0x0 obj/main.o
 .group         0x00000000        0x8 obj/miscfunc.o
 .group         0x00000000        0x8 obj/miscfunc.o
 .group         0x00000000        0x8 obj/miscfunc.o
 .group         0x00000000        0x8 obj/miscfunc.o
 .group         0x00000000        0x8 obj/miscfunc.o
 .group         0x00000000        0x8 obj/miscfunc.o
 .group         0x00000000        0x8 obj/miscfunc.o
 .group         0x00000000        0x8 obj/miscfunc.o
 .group         0x00000000        0x8 obj/miscfunc.o
 .group         0x00000000        0x8 obj/miscfunc.o
 .group         0x00000000        0x8 obj/miscfunc.o
 .group         0x00000000        0x8 obj/miscfunc.o
 .group         0x00000000        0x8 obj/miscfunc.o
 .group         0x00000000        0x8 obj/miscfunc.o
 .group         0x00000000        0x8 obj/miscfunc.o
 .group         0x00000000        0x8 obj/miscfunc.o
 .group         0x00000000        0x8 obj/miscfunc.o
 .group         0x00000000        0x8 obj/miscfunc.o
 .group         0x00000000        0x8 obj/miscfunc.o
 .group         0x00000000        0x8 obj/miscfunc.o
 .group         0x00000000        0x8 obj/miscfunc.o
 .group         0x00000000        0x8 obj/miscfunc.o
 .group         0x00000000        0x8 obj/miscfunc.o
 .group         0x00000000        0x8 obj/miscfunc.o
 .group         0x00000000        0x8 obj/miscfunc.o
[...]
Memory Configuration

Name             Origin             Length             Attributes
flash            0x08000000         0x00010000         xr
ram              0x20000000         0x00005000         xrw
*default*        0x00000000         0xffffffff

Linker script and memory map


.text           0x08000000     0x1b60
 *(.isr_vector .isr_vector.*)
 .isr_vector    0x08000000      0x10c obj/startup_stm32f10x_md.o
                0x08000000                g_pfnVectors
 *(.text .text.* .gnu.linkonce.t.*)
 .text          0x0800010c      0x14a obj/mcp_trgbin.o
                0x0800010c                mcp_loader
                0x08000252                mcp_loaderSize
 *fill*         0x08000256        0x2 
 .text.InitSPI  0x08000258       0x60 obj/main.o
                0x08000258                InitSPI
 .text.startup.main
                0x080002b8      0x168 obj/main.o
                0x080002b8                main
 .text.fputc    0x08000420       0x2c obj/miscfunc.o
                0x08000420                fputc
 .text.set_Timeout
                0x0800044c       0x54 obj/miscfunc.o
                0x0800044c                set_Timeout
 .text.sleep    0x080004a0       0x14 obj/miscfunc.o
                0x080004a0                sleep
 .text.get_Timeout
                0x080004b4        0xc obj/miscfunc.o
                0x080004b4                get_Timeout
 .text.TIM2_IRQHandler
                0x080004c0       0x24 obj/miscfunc.o
                0x080004c0                TIM2_IRQHandler
 .text.uploadData
                0x080004e4       0x94 obj/mcp.o
                0x080004e4                uploadData
 .text.mcpPlay  0x08000578       0x24 obj/mcp.o
                0x08000578                mcpPlay
 .text.printFrame
                0x0800059c       0x5c obj/mcp_commands.o
                0x0800059c                printFrame
 .text.sendSPIFrame_noWait
                0x080005f8       0xa0 obj/mcp_commands.o
                0x080005f8                sendSPIFrame_noWait
 .text.sendSPIFrame
                0x08000698       0xd0 obj/mcp_commands.o
                0x08000698                sendSPIFrame
 .text.readFrame
                0x08000768       0x64 obj/mcp_commands.o
                0x08000768                readFrame
 .text.prepOperationalFrame
                0x080007cc       0x8c obj/mcp_commands.o
                0x080007cc                prepOperationalFrame
 .text.enterBoot
                0x08000858       0x40 obj/mcp_commands.o
                0x08000858                enterBoot
 .text.bootSecretStep
                0x08000898       0x24 obj/mcp_commands.o
                0x08000898                bootSecretStep
 .text.enterSecretBoot
                0x080008bc       0x74 obj/mcp_commands.o
                0x080008bc                enterSecretBoot
 .text.sauceReadAddress
                0x08000930       0x88 obj/mcp_commands.o
                0x08000930                sauceReadAddress
 .text.jumpRam  0x080009b8       0x78 obj/mcp_commands.o
                0x080009b8                jumpRam
 .text.readGMString
                0x08000a30       0x7c obj/mcp_commands.o
                0x08000a30                readGMString
 .text.setFlashProt
                0x08000aac       0x80 obj/mcp_commands.o
                0x08000aac                setFlashProt
 .text.mcpUploadTest
                0x08000b2c      0x110 obj/mcp_loader.o
                0x08000b2c                mcpUploadTest
 .text.crcBuffer_16
                0x08000c3c       0x2c obj/crc.o
                0x08000c3c                crcBuffer_16
 .text.PutUnsignedInt
                0x08000c68       0x54 obj/printf.o
                0x08000c68                PutUnsignedInt
 .text.PutSignedInt
                0x08000cbc       0x90 obj/printf.o
                0x08000cbc                PutSignedInt
 .text.PutHexa  0x08000d4c       0x68 obj/printf.o
                0x08000d4c                PutHexa
 .text.vsnprintf
                0x08000db4      0x180 obj/printf.o
                0x08000db4                vsnprintf
 .text.fputs    0x08000f34       0x28 obj/printf.o
                0x08000f34                fputs
 .text.vfprintf
                0x08000f5c       0x68 obj/printf.o
                0x08000f5c                vfprintf
 .text.printf   0x08000fc4       0x28 obj/printf.o
                0x08000fc4                printf
 .text.Default_Handler
                0x08000fec        0x4 obj/startup_stm32f10x_md.o
                0x08000fec                EXTI2_IRQHandler
                0x08000fec                DebugMon_Handler
                0x08000fec                TIM1_CC_IRQHandler
                0x08000fec                HardFault_Handler
                0x08000fec                SysTick_Handler
                0x08000fec                PVD_IRQHandler
                0x08000fec                PendSV_Handler
                0x08000fec                NMI_Handler
                0x08000fec                EXTI3_IRQHandler
                0x08000fec                EXTI0_IRQHandler
                0x08000fec                I2C2_EV_IRQHandler
                0x08000fec                UsageFault_Handler
                0x08000fec                ADC1_2_IRQHandler
                0x08000fec                SPI1_IRQHandler
                0x08000fec                TAMPER_IRQHandler
                0x08000fec                DMA1_Channel4_IRQHandler
                0x08000fec                USART3_IRQHandler
                0x08000fec                RTC_IRQHandler
                0x08000fec                DMA1_Channel7_IRQHandler
                0x08000fec                CAN1_RX1_IRQHandler
                0x08000fec                TIM4_IRQHandler
                0x08000fec                I2C1_EV_IRQHandler
                0x08000fec                DMA1_Channel6_IRQHandler
                0x08000fec                TIM3_IRQHandler
                0x08000fec                RCC_IRQHandler
                0x08000fec                TIM1_TRG_COM_IRQHandler
                0x08000fec                DMA1_Channel1_IRQHandler
                0x08000fec                EXTI15_10_IRQHandler
                0x08000fec                EXTI9_5_IRQHandler
                0x08000fec                SPI2_IRQHandler
                0x08000fec                MemManage_Handler
                0x08000fec                SVC_Handler
                0x08000fec                DMA1_Channel5_IRQHandler
                0x08000fec                EXTI4_IRQHandler
                0x08000fec                USB_LP_CAN1_RX0_IRQHandler
                0x08000fec                USB_HP_CAN1_TX_IRQHandler
                0x08000fec                DMA1_Channel3_IRQHandler
                0x08000fec                TIM1_UP_IRQHandler
                0x08000fec                WWDG_IRQHandler
                0x08000fec                TIM1_BRK_IRQHandler
                0x08000fec                EXTI1_IRQHandler
                0x08000fec                RTCAlarm_IRQHandler
                0x08000fec                USART2_IRQHandler
                0x08000fec                I2C2_ER_IRQHandler
                0x08000fec                DMA1_Channel2_IRQHandler
                0x08000fec                CAN1_SCE_IRQHandler
                0x08000fec                FLASH_IRQHandler
                0x08000fec                BusFault_Handler
                0x08000fec                USART1_IRQHandler
                0x08000fec                I2C1_ER_IRQHandler
                0x08000fec                USBWakeUp_IRQHandler
 .text.Default_Reset_Handler
                0x08000ff0       0x58 obj/startup_stm32f10x_md.o
                0x08000ff0                Default_Reset_Handler
                0x08000ff0                Reset_Handler
 .text.SystemInit
                0x08001048      0x104 obj/system_stm32f10x.o
                0x08001048                SystemInit
 .text.NVIC_Init
                0x0800114c       0x64 obj/misc.o
                0x0800114c                NVIC_Init
 .text.GPIO_Init
                0x080011b0       0xbc obj/stm32f10x_gpio.o
                0x080011b0                GPIO_Init
 .text.RCC_GetClocksFreq
                0x0800126c       0x98 obj/stm32f10x_rcc.o
                0x0800126c                RCC_GetClocksFreq
 .text.RCC_APB2PeriphClockCmd
                0x08001304       0x18 obj/stm32f10x_rcc.o
                0x08001304                RCC_APB2PeriphClockCmd
 .text.RCC_APB1PeriphClockCmd
                0x0800131c       0x18 obj/stm32f10x_rcc.o
                0x0800131c                RCC_APB1PeriphClockCmd
 .text.RCC_APB2PeriphResetCmd
                0x08001334       0x18 obj/stm32f10x_rcc.o
                0x08001334                RCC_APB2PeriphResetCmd
 .text.RCC_APB1PeriphResetCmd
                0x0800134c       0x18 obj/stm32f10x_rcc.o
                0x0800134c                RCC_APB1PeriphResetCmd
 .text.SPI_I2S_DeInit
                0x08001364       0x6c obj/stm32f10x_spi.o
                0x08001364                SPI_I2S_DeInit
 .text.SPI_Init
                0x080013d0       0x40 obj/stm32f10x_spi.o
                0x080013d0                SPI_Init
 .text.SPI_Cmd  0x08001410       0x1c obj/stm32f10x_spi.o
                0x08001410                SPI_Cmd
 .text.SPI_CalculateCRC
                0x0800142c       0x1c obj/stm32f10x_spi.o
                0x0800142c                SPI_CalculateCRC
 .text.TIM_TimeBaseInit
                0x08001448       0xac obj/stm32f10x_tim.o
                0x08001448                TIM_TimeBaseInit
 .text.TIM_Cmd  0x080014f4       0x1c obj/stm32f10x_tim.o
                0x080014f4                TIM_Cmd
 .text.TIM_DMACmd
                0x08001510       0x14 obj/stm32f10x_tim.o
                0x08001510                TIM_DMACmd
 .text.TIM_ITConfig
                0x08001524        0x4 obj/stm32f10x_tim.o
                0x08001524                TIM_ITConfig
 .text.TIM_ClearITPendingBit
                0x08001528        0x8 obj/stm32f10x_tim.o
                0x08001528                TIM_ClearITPendingBit
 .text.USART_Init
                0x08001530       0xbc obj/stm32f10x_usart.o
                0x08001530                USART_Init
 .text.USART_Cmd
                0x080015ec       0x1c obj/stm32f10x_usart.o
                0x080015ec                USART_Cmd
 .text.USART_SendData
                0x08001608        0x8 obj/stm32f10x_usart.o
                0x08001608                USART_SendData
 .text.USART_GetFlagStatus
                0x08001610        0xc obj/stm32f10x_usart.o
                0x08001610                USART_GetFlagStatus
 .text.rand     0x0800161c       0x40 d:/arm_gcc/6 2017-q2-update/bin/../lib/gcc/arm-none-eabi/6.3.1/../../../../arm-none-eabi/lib/thumb/v7-m\libg.a(lib_a-rand.o)
                0x0800161c                rand
 *(.rodata .rodata* .gnu.linkonce.r.*)
 .rodata.str1.4
                0x0800165c        0x7 obj/main.o
 *fill*         0x08001663        0x1 
 .rodata.str1.4
                0x08001664      0x15d obj/mcp.o
 *fill*         0x080017c1        0x3 
 .rodata        0x080017c4        0xe obj/mcp_commands.o
 *fill*         0x080017d2        0x2 
 .rodata.str1.4
                0x080017d4      0x145 obj/mcp_commands.o
                                0x149 (size before relaxing)
 *fill*         0x08001919        0x3 
 .rodata.str1.4
                0x0800191c       0x20 obj/mcp_loader.o
 .rodata        0x0800193c      0x200 obj/crc.o
 .rodata.str1.4
                0x08001b3c       0x24 obj/printf.o
                0x08001b60                . = ALIGN (0x4)

.glue_7         0x08001b60        0x0
 .glue_7        0x08001b60        0x0 linker stubs

.glue_7t        0x08001b60        0x0
 .glue_7t       0x08001b60        0x0 linker stubs

.vfp11_veneer   0x08001b60        0x0
 .vfp11_veneer  0x08001b60        0x0 linker stubs

.v4_bx          0x08001b60        0x0
 .v4_bx         0x08001b60        0x0 linker stubs

.iplt           0x08001b60        0x0
 .iplt          0x08001b60        0x0 obj/main.o

.rel.dyn        0x08001b60        0x0
 .rel.iplt      0x08001b60        0x0 obj/main.o

.ARM.extab
 *(.ARM.extab* .gnu.linkonce.armextab.*)

.ARM.exidx
 *(.ARM.exidx* .gnu.linkonce.armexidx.*)
                0x08001b60                . = ALIGN (0x4)
                0x08001b60                _etext = .
                0x08001b60                _sidata = .

.data           0x20000000      0x454 load address 0x08001b60
                0x20000000                _sdata = .
 *(.data .data.*)
 .data          0x20000000        0x9 obj/mcp_commands.o
                0x20000008                lastSeedFail
 *fill*         0x20000009        0x7 
 .data          0x20000010      0x430 obj/printf.o
                0x20000010                _impure_ptr
                0x20000018                r
 .data          0x20000440       0x14 obj/stm32f10x_rcc.o
                0x20000454                . = ALIGN (0x4)
                0x20000454                _edata = .

.igot.plt       0x20000454        0x0 load address 0x08001fb4
 .igot.plt      0x20000454        0x0 obj/main.o

.co_stack       0x20000454      0x400 load address 0x08001fb4
 .co_stack      0x20000454      0x400 obj/startup_stm32f10x_md.o
                0x20000454                pulStack

.bss            0x20000854       0x1c load address 0x080023b4
                0x20000854                _sbss = .
 *(.bss .bss.*)
 .bss           0x20000854        0x4 obj/miscfunc.o
 .bss           0x20000858       0x13 obj/mcp_commands.o
                0x2000085c                lastCommSts
                0x2000085e                txRamProg
                0x20000862                txRamAddr
                0x20000868                rxRamAddr
                0x2000086a                waitExtra
 *(COMMON)
 *fill*         0x2000086b        0x1 
 COMMON         0x2000086c        0x4 obj/mcp_commands.o
                0x2000086c                txRamDone
                0x20000870                . = ALIGN (0x4)
                0x20000870                _ebss = .
                0x20000870                . = ALIGN (0x4)
                0x20000870                _end = .
LOAD obj/mcp_trgbin.o
LOAD obj/main.o
LOAD obj/miscfunc.o
LOAD obj/mcp.o
LOAD obj/mcp_commands.o
LOAD obj/mcp_tests.o
LOAD obj/mcp_loader.o
LOAD obj/crc.o
LOAD obj/syscalls.o
LOAD obj/printf.o
LOAD obj/startup_stm32f10x_md.o
LOAD obj/system_stm32f10x.o
LOAD obj/misc.o
LOAD obj/stm32f10x_adc.o
LOAD obj/stm32f10x_bkp.o
LOAD obj/stm32f10x_can.o
LOAD obj/stm32f10x_cec.o
LOAD obj/stm32f10x_crc.o
LOAD obj/stm32f10x_dac.o
LOAD obj/stm32f10x_dbgmcu.o
LOAD obj/stm32f10x_dma.o
LOAD obj/stm32f10x_exti.o
LOAD obj/stm32f10x_flash.o
LOAD obj/stm32f10x_fsmc.o
LOAD obj/stm32f10x_gpio.o
LOAD obj/stm32f10x_i2c.o
LOAD obj/stm32f10x_iwdg.o
LOAD obj/stm32f10x_pwr.o
LOAD obj/stm32f10x_rcc.o
LOAD obj/stm32f10x_rtc.o
LOAD obj/stm32f10x_sdio.o
LOAD obj/stm32f10x_spi.o
LOAD obj/stm32f10x_tim.o
LOAD obj/stm32f10x_usart.o
LOAD obj/stm32f10x_wwdg.o
START GROUP
LOAD d:/arm_gcc/6 2017-q2-update/bin/../lib/gcc/arm-none-eabi/6.3.1/thumb/v7-m\libgcc.a
LOAD d:/arm_gcc/6 2017-q2-update/bin/../lib/gcc/arm-none-eabi/6.3.1/../../../../arm-none-eabi/lib/thumb/v7-m\libg.a
LOAD d:/arm_gcc/6 2017-q2-update/bin/../lib/gcc/arm-none-eabi/6.3.1/../../../../arm-none-eabi/lib/thumb/v7-m\libc.a
END GROUP
OUTPUT(bin/firmware.elf elf32-littlearm)

.ARM.attributes
                0x00000000       0x2f
 .ARM.attributes
                0x00000000       0x21 obj/mcp_trgbin.o
 .ARM.attributes
                0x00000021       0x33 obj/main.o
 .ARM.attributes
                0x00000054       0x33 obj/miscfunc.o
 .ARM.attributes
                0x00000087       0x33 obj/mcp.o
 .ARM.attributes
                0x000000ba       0x33 obj/mcp_commands.o
 .ARM.attributes
                0x000000ed       0x33 obj/mcp_loader.o
 .ARM.attributes
                0x00000120       0x33 obj/crc.o
 .ARM.attributes
                0x00000153       0x33 obj/printf.o
 .ARM.attributes
                0x00000186       0x33 obj/startup_stm32f10x_md.o
 .ARM.attributes
                0x000001b9       0x33 obj/system_stm32f10x.o
 .ARM.attributes
                0x000001ec       0x33 obj/misc.o
 .ARM.attributes
                0x0000021f       0x33 obj/stm32f10x_gpio.o
 .ARM.attributes
                0x00000252       0x33 obj/stm32f10x_rcc.o
 .ARM.attributes
                0x00000285       0x33 obj/stm32f10x_spi.o
 .ARM.attributes
                0x000002b8       0x33 obj/stm32f10x_tim.o
 .ARM.attributes
                0x000002eb       0x33 obj/stm32f10x_usart.o
 .ARM.attributes
                0x0000031e       0x2d d:/arm_gcc/6 2017-q2-update/bin/../lib/gcc/arm-none-eabi/6.3.1/../../../../arm-none-eabi/lib/thumb/v7-m\libg.a(lib_a-rand.o)

.comment        0x00000000       0x7f
 .comment       0x00000000       0x7f obj/main.o
                                 0x80 (size before relaxing)
 .comment       0x0000007f       0x80 obj/miscfunc.o
 .comment       0x0000007f       0x80 obj/mcp.o
 .comment       0x0000007f       0x80 obj/mcp_commands.o
 .comment       0x0000007f       0x80 obj/mcp_loader.o
 .comment       0x0000007f       0x80 obj/crc.o
 .comment       0x0000007f       0x80 obj/printf.o
 .comment       0x0000007f       0x80 obj/startup_stm32f10x_md.o
 .comment       0x0000007f       0x80 obj/system_stm32f10x.o
 .comment       0x0000007f       0x80 obj/misc.o
 .comment       0x0000007f       0x80 obj/stm32f10x_gpio.o
 .comment       0x0000007f       0x80 obj/stm32f10x_rcc.o
 .comment       0x0000007f       0x80 obj/stm32f10x_spi.o
 .comment       0x0000007f       0x80 obj/stm32f10x_tim.o
 .comment       0x0000007f       0x80 obj/stm32f10x_usart.o

.debug_info     0x00000000     0xd9f0
 .debug_info    0x00000000     0x185c obj/main.o
 .debug_info    0x0000185c     0x109c obj/miscfunc.o
 .debug_info    0x000028f8     0x150f obj/mcp.o
 .debug_info    0x00003e07     0x1c9f obj/mcp_commands.o
 .debug_info    0x00005aa6      0xcd1 obj/mcp_loader.o
 .debug_info    0x00006777      0x1fe obj/crc.o
 .debug_info    0x00006975     0x14a4 obj/printf.o
 .debug_info    0x00007e19      0x159 obj/startup_stm32f10x_md.o
 .debug_info    0x00007f72      0x534 obj/system_stm32f10x.o
 .debug_info    0x000084a6      0x5c9 obj/misc.o
 .debug_info    0x00008a6f      0x91c obj/stm32f10x_gpio.o
 .debug_info    0x0000938b      0x9f7 obj/stm32f10x_rcc.o
 .debug_info    0x00009d82      0xa99 obj/stm32f10x_spi.o
 .debug_info    0x0000a81b     0x25d6 obj/stm32f10x_tim.o
 .debug_info    0x0000cdf1      0xbff obj/stm32f10x_usart.o

.debug_abbrev   0x00000000     0x24a7
 .debug_abbrev  0x00000000      0x2c9 obj/main.o
 .debug_abbrev  0x000002c9      0x282 obj/miscfunc.o
 .debug_abbrev  0x0000054b      0x3bb obj/mcp.o
 .debug_abbrev  0x00000906      0x433 obj/mcp_commands.o
 .debug_abbrev  0x00000d39      0x235 obj/mcp_loader.o
 .debug_abbrev  0x00000f6e      0x114 obj/crc.o
 .debug_abbrev  0x00001082      0x3d9 obj/printf.o
 .debug_abbrev  0x0000145b       0xf5 obj/startup_stm32f10x_md.o
 .debug_abbrev  0x00001550      0x191 obj/system_stm32f10x.o
 .debug_abbrev  0x000016e1      0x182 obj/misc.o
 .debug_abbrev  0x00001863      0x233 obj/stm32f10x_gpio.o
 .debug_abbrev  0x00001a96      0x2ba obj/stm32f10x_rcc.o
 .debug_abbrev  0x00001d50      0x21b obj/stm32f10x_spi.o
 .debug_abbrev  0x00001f6b      0x309 obj/stm32f10x_tim.o
 .debug_abbrev  0x00002274      0x233 obj/stm32f10x_usart.o

.debug_loc      0x00000000     0x76b3
 .debug_loc     0x00000000       0x64 obj/main.o
 .debug_loc     0x00000064      0x1d6 obj/miscfunc.o
 .debug_loc     0x0000023a      0xd98 obj/mcp.o
 .debug_loc     0x00000fd2      0xdcd obj/mcp_commands.o
 .debug_loc     0x00001d9f      0x153 obj/mcp_loader.o
 .debug_loc     0x00001ef2      0x1ef obj/crc.o
 .debug_loc     0x000020e1     0x11e6 obj/printf.o
 .debug_loc     0x000032c7       0x57 obj/startup_stm32f10x_md.o
 .debug_loc     0x0000331e      0x10c obj/system_stm32f10x.o
 .debug_loc     0x0000342a      0x173 obj/misc.o
 .debug_loc     0x0000359d      0x72f obj/stm32f10x_gpio.o
 .debug_loc     0x00003ccc      0x769 obj/stm32f10x_rcc.o
 .debug_loc     0x00004435      0x642 obj/stm32f10x_spi.o
 .debug_loc     0x00004a77     0x2283 obj/stm32f10x_tim.o
 .debug_loc     0x00006cfa      0x9b9 obj/stm32f10x_usart.o

.debug_aranges  0x00000000      0x940
 .debug_aranges
                0x00000000       0x28 obj/main.o
 .debug_aranges
                0x00000028       0x50 obj/miscfunc.o
 .debug_aranges
                0x00000078       0x58 obj/mcp.o
 .debug_aranges
                0x000000d0       0xa8 obj/mcp_commands.o
 .debug_aranges
                0x00000178       0x20 obj/mcp_loader.o
 .debug_aranges
                0x00000198       0x28 obj/crc.o
 .debug_aranges
                0x000001c0       0x90 obj/printf.o
 .debug_aranges
                0x00000250       0x28 obj/startup_stm32f10x_md.o
 .debug_aranges
                0x00000278       0x28 obj/system_stm32f10x.o
 .debug_aranges
                0x000002a0       0x40 obj/misc.o
 .debug_aranges
                0x000002e0       0xa8 obj/stm32f10x_gpio.o
 .debug_aranges
                0x00000388      0x118 obj/stm32f10x_rcc.o
 .debug_aranges
                0x000004a0       0xd0 obj/stm32f10x_spi.o
 .debug_aranges
                0x00000570      0x2d0 obj/stm32f10x_tim.o
 .debug_aranges
                0x00000840      0x100 obj/stm32f10x_usart.o

.debug_ranges   0x00000000      0xd50
 .debug_ranges  0x00000000       0x68 obj/main.o
 .debug_ranges  0x00000068       0x40 obj/miscfunc.o
 .debug_ranges  0x000000a8       0xe0 obj/mcp.o
 .debug_ranges  0x00000188      0x290 obj/mcp_commands.o
 .debug_ranges  0x00000418       0x10 obj/mcp_loader.o
 .debug_ranges  0x00000428       0x48 obj/crc.o
 .debug_ranges  0x00000470      0x108 obj/printf.o
 .debug_ranges  0x00000578       0x18 obj/startup_stm32f10x_md.o
 .debug_ranges  0x00000590       0x40 obj/system_stm32f10x.o
 .debug_ranges  0x000005d0       0x30 obj/misc.o
 .debug_ranges  0x00000600       0x98 obj/stm32f10x_gpio.o
 .debug_ranges  0x00000698      0x128 obj/stm32f10x_rcc.o
 .debug_ranges  0x000007c0       0xc0 obj/stm32f10x_spi.o
 .debug_ranges  0x00000880      0x3e0 obj/stm32f10x_tim.o
 .debug_ranges  0x00000c60       0xf0 obj/stm32f10x_usart.o

.debug_macro    0x00000000    0x107d8
 .debug_macro   0x00000000      0x32e obj/main.o
 .debug_macro   0x0000032e      0x8bc obj/main.o
 .debug_macro   0x00000bea       0x22 obj/main.o
 .debug_macro   0x00000c0c       0x52 obj/main.o
 .debug_macro   0x00000c5e       0x8d obj/main.o
 .debug_macro   0x00000ceb       0x35 obj/main.o
 .debug_macro   0x00000d20       0x9c obj/main.o
 .debug_macro   0x00000dbc      0x16d obj/main.o
 .debug_macro   0x00000f29       0x57 obj/main.o
 .debug_macro   0x00000f80       0x58 obj/main.o
 .debug_macro   0x00000fd8       0x1f obj/main.o
 .debug_macro   0x00000ff7       0x43 obj/main.o
 .debug_macro   0x0000103a       0x20 obj/main.o
 .debug_macro   0x0000105a      0x187 obj/main.o
 .debug_macro   0x000011e1      0x353 obj/main.o
 .debug_macro   0x00001534       0x10 obj/main.o
 .debug_macro   0x00001544       0x35 obj/main.o
 .debug_macro   0x00001579       0x1c obj/main.o
 .debug_macro   0x00001595       0x10 obj/main.o
 .debug_macro   0x000015a5       0x10 obj/main.o
 .debug_macro   0x000015b5       0x6a obj/main.o
 .debug_macro   0x0000161f       0x1c obj/main.o
 .debug_macro   0x0000163b       0x52 obj/main.o
 .debug_macro   0x0000168d       0x40 obj/main.o
 .debug_macro   0x000016cd       0x10 obj/main.o
 .debug_macro   0x000016dd       0x40 obj/main.o
 .debug_macro   0x0000171d       0xd7 obj/main.o
 .debug_macro   0x000017f4       0x16 obj/main.o
 .debug_macro   0x0000180a      0x18b obj/main.o
 .debug_macro   0x00001995       0xef obj/main.o
 .debug_macro   0x00001a84      0x1df obj/main.o
 .debug_macro   0x00001c63       0x5d obj/main.o
 .debug_macro   0x00001cc0       0x3a obj/main.o
 .debug_macro   0x00001cfa       0x34 obj/main.o
 .debug_macro   0x00001d2e      0xb6b obj/main.o
 .debug_macro   0x00002899     0x7eb3 obj/main.o
 .debug_macro   0x0000a74c      0x2e4 obj/main.o
 .debug_macro   0x0000aa30      0x14a obj/main.o
 .debug_macro   0x0000ab7a      0x3cf obj/main.o
 .debug_macro   0x0000af49      0x17b obj/main.o
 .debug_macro   0x0000b0c4       0xac obj/main.o
 .debug_macro   0x0000b170      0x3b0 obj/main.o
 .debug_macro   0x0000b520       0x9d obj/main.o
 .debug_macro   0x0000b5bd      0x2d5 obj/main.o
 .debug_macro   0x0000b892      0x279 obj/main.o
 .debug_macro   0x0000bb0b      0x2ad obj/main.o
 .debug_macro   0x0000bdb8      0x2b4 obj/main.o
 .debug_macro   0x0000c06c       0x64 obj/main.o
 .debug_macro   0x0000c0d0       0x82 obj/main.o
 .debug_macro   0x0000c152      0x3e2 obj/main.o
 .debug_macro   0x0000c534       0x58 obj/main.o
 .debug_macro   0x0000c58c      0x344 obj/main.o
 .debug_macro   0x0000c8d0      0x2c4 obj/main.o
 .debug_macro   0x0000cb94      0x711 obj/main.o
 .debug_macro   0x0000d2a5      0x229 obj/main.o
 .debug_macro   0x0000d4ce       0x34 obj/main.o
 .debug_macro   0x0000d502       0x8c obj/main.o
 .debug_macro   0x0000d58e       0x35 obj/main.o
 .debug_macro   0x0000d5c3       0x16 obj/main.o
 .debug_macro   0x0000d5d9       0x16 obj/main.o
 .debug_macro   0x0000d5ef       0x29 obj/main.o
 .debug_macro   0x0000d618      0x300 obj/miscfunc.o
 .debug_macro   0x0000d918      0x341 obj/mcp.o
 .debug_macro   0x0000dc59       0x16 obj/mcp.o
 .debug_macro   0x0000dc6f      0x341 obj/mcp_commands.o
 .debug_macro   0x0000dfb0      0x341 obj/mcp_loader.o
 .debug_macro   0x0000e2f1       0x6d obj/crc.o
 .debug_macro   0x0000e35e       0x87 obj/crc.o
 .debug_macro   0x0000e3e5       0x51 obj/crc.o
 .debug_macro   0x0000e436      0x2e9 obj/printf.o
 .debug_macro   0x0000e71f      0x223 obj/printf.o
 .debug_macro   0x0000e942       0x1d obj/startup_stm32f10x_md.o
 .debug_macro   0x0000e95f      0x195 obj/system_stm32f10x.o
 .debug_macro   0x0000eaf4      0x198 obj/misc.o
 .debug_macro   0x0000ec8c       0x86 obj/misc.o
 .debug_macro   0x0000ed12      0x1e0 obj/stm32f10x_gpio.o
 .debug_macro   0x0000eef2      0x2a7 obj/stm32f10x_gpio.o
 .debug_macro   0x0000f199      0x2b2 obj/stm32f10x_rcc.o
 .debug_macro   0x0000f44b      0x3dc obj/stm32f10x_rcc.o
 .debug_macro   0x0000f827      0x1f8 obj/stm32f10x_spi.o
 .debug_macro   0x0000fa1f      0x2be obj/stm32f10x_spi.o
 .debug_macro   0x0000fcdd      0x1aa obj/stm32f10x_tim.o
 .debug_macro   0x0000fe87      0x70b obj/stm32f10x_tim.o
 .debug_macro   0x00010592      0x246 obj/stm32f10x_usart.o

.debug_line     0x00000000     0x6069
 .debug_line    0x00000000      0x61b obj/main.o
 .debug_line    0x0000061b      0x5fc obj/miscfunc.o
 .debug_line    0x00000c17      0x79f obj/mcp.o
 .debug_line    0x000013b6      0x975 obj/mcp_commands.o
 .debug_line    0x00001d2b      0x5f7 obj/mcp_loader.o
 .debug_line    0x00002322      0x1be obj/crc.o
 .debug_line    0x000024e0      0x7b4 obj/printf.o
 .debug_line    0x00002c94       0x82 obj/startup_stm32f10x_md.o
 .debug_line    0x00002d16      0x495 obj/system_stm32f10x.o
 .debug_line    0x000031ab      0x4ac obj/misc.o
 .debug_line    0x00003657      0x62b obj/stm32f10x_gpio.o
 .debug_line    0x00003c82      0x726 obj/stm32f10x_rcc.o
 .debug_line    0x000043a8      0x68a obj/stm32f10x_spi.o
 .debug_line    0x00004a32      0xf1f obj/stm32f10x_tim.o
 .debug_line    0x00005951      0x718 obj/stm32f10x_usart.o

.debug_str      0x00000000    0x55a49
 .debug_str     0x00000000    0x52993 obj/main.o
                              0x52be8 (size before relaxing)
 .debug_str     0x00052993      0x127 obj/miscfunc.o
                              0x524a9 (size before relaxing)
 .debug_str     0x00052aba      0x217 obj/mcp.o
                              0x525fe (size before relaxing)
 .debug_str     0x00052cd1      0x192 obj/mcp_commands.o
                              0x526a7 (size before relaxing)
 .debug_str     0x00052e63       0x2c obj/mcp_loader.o
                              0x5240a (size before relaxing)
 .debug_str     0x00052e8f       0x27 obj/crc.o
                               0x349b (size before relaxing)
 .debug_str     0x00052eb6      0x19d obj/printf.o
                              0x52410 (size before relaxing)
 .debug_str     0x00053053       0xe8 obj/startup_stm32f10x_md.o
                               0x263e (size before relaxing)
 .debug_str     0x0005313b      0x172 obj/system_stm32f10x.o
                              0x4e27a (size before relaxing)
 .debug_str     0x000532ad      0x172 obj/misc.o
                              0x4e358 (size before relaxing)
 .debug_str     0x0005341f      0x4b3 obj/stm32f10x_gpio.o
                              0x4e6e1 (size before relaxing)
 .debug_str     0x000538d2      0xab8 obj/stm32f10x_rcc.o
                              0x4ecb0 (size before relaxing)
 .debug_str     0x0005438a      0x4ed obj/stm32f10x_spi.o
                              0x4e80a (size before relaxing)
 .debug_str     0x00054877      0xa99 obj/stm32f10x_tim.o
                              0x4edfc (size before relaxing)
 .debug_str     0x00055310      0x739 obj/stm32f10x_usart.o
                              0x4ea1a (size before relaxing)

.debug_frame    0x00000000     0x17fc
 .debug_frame   0x00000000       0x50 obj/main.o
 .debug_frame   0x00000050       0xbc obj/miscfunc.o
 .debug_frame   0x0000010c      0x138 obj/mcp.o
 .debug_frame   0x00000244      0x284 obj/mcp_commands.o
 .debug_frame   0x000004c8       0x3c obj/mcp_loader.o
 .debug_frame   0x00000504       0x48 obj/crc.o
 .debug_frame   0x0000054c      0x22c obj/printf.o
 .debug_frame   0x00000778       0x3c obj/startup_stm32f10x_md.o
 .debug_frame   0x000007b4       0x48 obj/system_stm32f10x.o
 .debug_frame   0x000007fc       0x70 obj/misc.o
 .debug_frame   0x0000086c      0x1b0 obj/stm32f10x_gpio.o
 .debug_frame   0x00000a1c      0x224 obj/stm32f10x_rcc.o
 .debug_frame   0x00000c40      0x1cc obj/stm32f10x_spi.o
 .debug_frame   0x00000e0c      0x75c obj/stm32f10x_tim.o
 .debug_frame   0x00001568      0x258 obj/stm32f10x_usart.o
 .debug_frame   0x000017c0       0x3c d:/arm_gcc/6 2017-q2-update/bin/../lib/gcc/arm-none-eabi/6.3.1/../../../../arm-none-eabi/lib/thumb/v7-m\libg.a(lib_a-rand.o)
